// Jest Snapshot v1, https://goo.gl/fbAQLP

exports[`renders Input properly 1`] = `
<input
  type="text"
/>
`;
