// Jest Snapshot v1, https://goo.gl/fbAQLP

exports[`SearchButton renders SearchButton properly 1`] = `
<form
  className="undefined main-search"
>
  <h1
    className="main-search__h1"
  >
    Find your movie
  </h1>
  <input
    className="main-search__input"
    placeholder="Quentin Tarantino"
    type="text"
  />
  <div
    className="main-search__container"
  >
    <div
      className="search-by"
    >
      <span
        className="search-by__header"
      >
        Search by
      </span>
      <input
        className="search-by__title-input"
        defaultChecked={false}
        id="title"
        name="search-by"
        type="radio"
        value="title"
      />
      <label
        className="search-by__title-label"
        htmlFor="title"
      >
        Title
      </label>
      <input
        className="search-by__genre-input"
        defaultChecked={false}
        id="genre"
        name="search-by"
        type="radio"
        value="genre"
      />
      <label
        className="search-by__title-label"
        htmlFor="genre"
      >
        Genre
      </label>
    </div>
    <input
      className="main-search__button"
      type="submit"
    />
  </div>
</form>
`;
